
2026-07-22T18:25:59.836Z
{
  "from": "Sunil Kumar <sunil.kumar@e-solutionsinc.com>",
  "subject": "Job Sr. Sitecore Developer || Remote 100% || W2 is shared with you",
  "score": 92,
  "decision": "RESPOND",
  "draftCreated": true
}
-----------------------

2026-07-22T18:43:34.972Z
{
  "from": "Sunil Kumar <sunil.kumar@e-solutionsinc.com>",
  "subject": "Job Sr. Sitecore Developer || Remote 100% || W2 is shared with you",
  "score": 92,
  "decision": "RESPOND",
  "draftCreated": true
}
-----------------------

2026-07-23T20:08:49.714Z
{
  "from": "Satendra Singh <satendra.singh@e-solutionsinc.com>",
  "subject": "Sr, Sitecore Developer / Remote USA",
  "score": 92,
  "decision": "RESPOND",
  "draftCreated": false,
  "emailSent": true
}
-----------------------

2026-07-23T20:35:33.336Z
{
  "from": "Satendra Singh <satendra.singh@e-solutionsinc.com>",
  "subject": "Sr, Sitecore Developer / Remote USA",
  "score": 95,
  "decision": "RESPOND",
  "draftCreated": false,
  "emailSent": true
}
-----------------------
